// Jest Snapshot v1, https://jestjs.io/docs/snapshot-testing

exports[`UserInfoABACAttributes should render with multiple attributes 1`] = `
<body>
  <div>
    <span
      class="rcx-box rcx-box--full rcx-css-zr2f9f"
    >
      <span
        class="rcx-box rcx-box--full rcx-tag rcx-tag--secondary-warning rcx-css-wcp0mp"
      >
        <span
          class="rcx-tag__inner"
        >
          Classified
        </span>
      </span>
      <span
        class="rcx-box rcx-box--full rcx-tag rcx-tag--secondary-warning rcx-css-wcp0mp"
      >
        <span
          class="rcx-tag__inner"
        >
          Top Secret
        </span>
      </span>
      <span
        class="rcx-box rcx-box--full rcx-tag rcx-tag--secondary-warning rcx-css-wcp0mp"
      >
        <span
          class="rcx-tag__inner"
        >
          Confidential
        </span>
      </span>
    </span>
  </div>
</body>
`;
