// Jest Snapshot v1, https://jestjs.io/docs/snapshot-testing

exports[`renders AppInstances without crashing 1`] = `
<body>
  <div>
    <div
      class="rcx-box rcx-box--full rcx-css-vkstbu"
    >
      <div
        class="rcx-box rcx-box--full rcx-css-pln26h rcx-css-1cb6i7s"
        data-overlayscrollbars="host"
      >
        <div
          class="os-size-observer"
        >
          <div
            class="os-size-observer-listener"
          />
        </div>
        <div
          class=""
          data-overlayscrollbars-viewport="scrollbarHidden overflowXHidden overflowYHidden"
          style="margin-right: 0px; margin-bottom: 0px; margin-left: 0px; top: 0px; left: 0px; width: calc(100% + 0px); padding: 0px 0px 0px 0px;"
          tabindex="-1"
        >
          <div
            class="rcx-box rcx-box--full rcx-css-qcmk2x"
          >
            <div
              class="rcx-box rcx-box--full rcx-css-pln26h rcx-css-1cb6i7s"
              data-overlayscrollbars="host"
            >
              <div
                class="os-size-observer"
              >
                <div
                  class="os-size-observer-listener"
                />
              </div>
              <div
                class=""
                data-overlayscrollbars-viewport="scrollbarHidden overflowXHidden overflowYHidden"
                style="margin-right: 0px; margin-bottom: 0px; margin-left: 0px; top: 0px; left: 0px; width: calc(100% + 0px); padding: 0px 0px 0px 0px;"
                tabindex="-1"
              >
                <div
                  class="rcx-box rcx-box--full rcx-table__wrapper"
                >
                  <table
                    class="rcx-box rcx-box--full rcx-table--sticky rcx-table--fixed rcx-table rcx-css-1qcz93u"
                  >
                    <thead
                      class="rcx-box rcx-box--full rcx-table__head"
                    >
                      <tr
                        class="rcx-box rcx-box--full rcx-table__row"
                      >
                        <th
                          class="rcx-box rcx-box--full rcx-table__cell--header rcx-table__cell"
                        >
                          <div
                            class="rcx-box rcx-box--full rcx-css-127j9mz"
                            wrap="no-wrap"
                          >
                            Workspace instance
                          </div>
                        </th>
                        <th
                          class="rcx-box rcx-box--full rcx-table__cell--header rcx-table__cell"
                        >
                          <div
                            class="rcx-box rcx-box--full rcx-css-127j9mz"
                            wrap="no-wrap"
                          >
                            Status
                          </div>
                        </th>
                        <th
                          class="rcx-box rcx-box--full rcx-table__cell--header rcx-table__cell rcx-css-10atsff"
                        >
                          <div
                            class="rcx-box rcx-box--full rcx-css-127j9mz"
                            wrap="no-wrap"
                          />
                        </th>
                      </tr>
                    </thead>
                    <tbody
                      class="rcx-box rcx-box--full rcx-table__body"
                    >
                      <tr
                        class="rcx-box rcx-box--full rcx-table__row"
                      >
                        <td
                          class="rcx-box rcx-box--full rcx-table__cell"
                        >
                          instance-id-0
                        </td>
                        <td
                          class="rcx-box rcx-box--full rcx-table__cell"
                        >
                          <div
                            class="rcx-box rcx-box--full rcx-css-16gpzar"
                          >
                            <span
                              class="rcx-box rcx-box--full rcx-tag rcx-tag--medium rcx-css-4w7o7u"
                            >
                              <span
                                class="rcx-tag__inner"
                              >
                                Unknown
                              </span>
                            </span>
                          </div>
                        </td>
                        <td
                          class="rcx-box rcx-box--full rcx-table__cell"
                        >
                          <button
                            aria-label="actions"
                            class="rcx-box rcx-box--full rcx-button--small-square rcx-button--square rcx-button--icon rcx-button"
                            data-testid="menu"
                            type="button"
                          >
                            <i
                              aria-hidden="true"
                              class="rcx-box rcx-box--full rcx-icon--name-kebab rcx-icon rcx-css-4pvxx3"
                            >
                              
                            </i>
                          </button>
                        </td>
                      </tr>
                      <tr
                        class="rcx-box rcx-box--full rcx-table__row"
                      >
                        <td
                          class="rcx-box rcx-box--full rcx-table__cell"
                        >
                          instance-id-1
                        </td>
                        <td
                          class="rcx-box rcx-box--full rcx-table__cell"
                        >
                          <div
                            class="rcx-box rcx-box--full rcx-css-16gpzar"
                          >
                            <span
                              class="rcx-box rcx-box--full rcx-tag rcx-tag--medium rcx-css-4w7o7u"
                            >
                              <span
                                class="rcx-tag__inner"
                              >
                                Constructed
                              </span>
                            </span>
                          </div>
                        </td>
                        <td
                          class="rcx-box rcx-box--full rcx-table__cell"
                        >
                          <button
                            aria-label="actions"
                            class="rcx-box rcx-box--full rcx-button--small-square rcx-button--square rcx-button--icon rcx-button"
                            data-testid="menu"
                            type="button"
                          >
                            <i
                              aria-hidden="true"
                              class="rcx-box rcx-box--full rcx-icon--name-kebab rcx-icon rcx-css-4pvxx3"
                            >
                              
                            </i>
                          </button>
                        </td>
                      </tr>
                      <tr
                        class="rcx-box rcx-box--full rcx-table__row"
                      >
                        <td
                          class="rcx-box rcx-box--full rcx-table__cell"
                        >
                          instance-id-2
                        </td>
                        <td
                          class="rcx-box rcx-box--full rcx-table__cell"
                        >
                          <div
                            class="rcx-box rcx-box--full rcx-css-16gpzar"
                          >
                            <span
                              class="rcx-box rcx-box--full rcx-tag rcx-tag--medium rcx-css-4w7o7u"
                            >
                              <span
                                class="rcx-tag__inner"
                              >
                                Initialized
                              </span>
                            </span>
                          </div>
                        </td>
                        <td
                          class="rcx-box rcx-box--full rcx-table__cell"
                        >
                          <button
                            aria-label="actions"
                            class="rcx-box rcx-box--full rcx-button--small-square rcx-button--square rcx-button--icon rcx-button"
                            data-testid="menu"
                            type="button"
                          >
                            <i
                              aria-hidden="true"
                              class="rcx-box rcx-box--full rcx-icon--name-kebab rcx-icon rcx-css-4pvxx3"
                            >
                              
                            </i>
                          </button>
                        </td>
                      </tr>
                      <tr
                        class="rcx-box rcx-box--full rcx-table__row"
                      >
                        <td
                          class="rcx-box rcx-box--full rcx-table__cell"
                        >
                          instance-id-3
                        </td>
                        <td
                          class="rcx-box rcx-box--full rcx-table__cell"
                        >
                          <div
                            class="rcx-box rcx-box--full rcx-css-16gpzar"
                          >
                            <span
                              class="rcx-box rcx-box--full rcx-tag rcx-tag--medium rcx-css-4w7o7u"
                            >
                              <span
                                class="rcx-tag__inner"
                              >
                                Enabled
                              </span>
                            </span>
                          </div>
                        </td>
                        <td
                          class="rcx-box rcx-box--full rcx-table__cell"
                        >
                          <button
                            aria-label="actions"
                            class="rcx-box rcx-box--full rcx-button--small-square rcx-button--square rcx-button--icon rcx-button"
                            data-testid="menu"
                            type="button"
                          >
                            <i
                              aria-hidden="true"
                              class="rcx-box rcx-box--full rcx-icon--name-kebab rcx-icon rcx-css-4pvxx3"
                            >
                              
                            </i>
                          </button>
                        </td>
                      </tr>
                      <tr
                        class="rcx-box rcx-box--full rcx-table__row"
                      >
                        <td
                          class="rcx-box rcx-box--full rcx-table__cell"
                        >
                          instance-id-4
                        </td>
                        <td
                          class="rcx-box rcx-box--full rcx-table__cell"
                        >
                          <div
                            class="rcx-box rcx-box--full rcx-css-16gpzar"
                          >
                            <span
                              class="rcx-box rcx-box--full rcx-tag rcx-tag--medium rcx-css-4w7o7u"
                            >
                              <span
                                class="rcx-tag__inner"
                              >
                                Enabled
                              </span>
                            </span>
                          </div>
                        </td>
                        <td
                          class="rcx-box rcx-box--full rcx-table__cell"
                        >
                          <button
                            aria-label="actions"
                            class="rcx-box rcx-box--full rcx-button--small-square rcx-button--square rcx-button--icon rcx-button"
                            data-testid="menu"
                            type="button"
                          >
                            <i
                              aria-hidden="true"
                              class="rcx-box rcx-box--full rcx-icon--name-kebab rcx-icon rcx-css-4pvxx3"
                            >
                              
                            </i>
                          </button>
                        </td>
                      </tr>
                      <tr
                        class="rcx-box rcx-box--full rcx-table__row"
                      >
                        <td
                          class="rcx-box rcx-box--full rcx-table__cell"
                        >
                          instance-id-5
                        </td>
                        <td
                          class="rcx-box rcx-box--full rcx-table__cell"
                        >
                          <div
                            class="rcx-box rcx-box--full rcx-css-16gpzar"
                          >
                            <span
                              class="rcx-box rcx-box--full rcx-tag rcx-tag--medium rcx-css-1tgo2qs"
                            >
                              <span
                                class="rcx-tag__inner"
                              >
                                App_status_compiler_error_disabled
                              </span>
                            </span>
                          </div>
                        </td>
                        <td
                          class="rcx-box rcx-box--full rcx-table__cell"
                        >
                          <button
                            aria-label="actions"
                            class="rcx-box rcx-box--full rcx-button--small-square rcx-button--square rcx-button--icon rcx-button"
                            data-testid="menu"
                            type="button"
                          >
                            <i
                              aria-hidden="true"
                              class="rcx-box rcx-box--full rcx-icon--name-kebab rcx-icon rcx-css-4pvxx3"
                            >
                              
                            </i>
                          </button>
                        </td>
                      </tr>
                      <tr
                        class="rcx-box rcx-box--full rcx-table__row"
                      >
                        <td
                          class="rcx-box rcx-box--full rcx-table__cell"
                        >
                          instance-id-6
                        </td>
                        <td
                          class="rcx-box rcx-box--full rcx-table__cell"
                        >
                          <div
                            class="rcx-box rcx-box--full rcx-css-16gpzar"
                          >
                            <span
                              class="rcx-box rcx-box--full rcx-tag rcx-tag--medium rcx-css-1tgo2qs"
                            >
                              <span
                                class="rcx-tag__inner"
                              >
                                Disabled: Invalid License
                              </span>
                            </span>
                          </div>
                        </td>
                        <td
                          class="rcx-box rcx-box--full rcx-table__cell"
                        >
                          <button
                            aria-label="actions"
                            class="rcx-box rcx-box--full rcx-button--small-square rcx-button--square rcx-button--icon rcx-button"
                            data-testid="menu"
                            type="button"
                          >
                            <i
                              aria-hidden="true"
                              class="rcx-box rcx-box--full rcx-icon--name-kebab rcx-icon rcx-css-4pvxx3"
                            >
                              
                            </i>
                          </button>
                        </td>
                      </tr>
                      <tr
                        class="rcx-box rcx-box--full rcx-table__row"
                      >
                        <td
                          class="rcx-box rcx-box--full rcx-table__cell"
                        >
                          instance-id-7
                        </td>
                        <td
                          class="rcx-box rcx-box--full rcx-table__cell"
                        >
                          <div
                            class="rcx-box rcx-box--full rcx-css-16gpzar"
                          >
                            <span
                              class="rcx-box rcx-box--full rcx-tag rcx-tag--medium rcx-css-1tgo2qs"
                            >
                              <span
                                class="rcx-tag__inner"
                              >
                                Disabled: Invalid Installation
                              </span>
                            </span>
                          </div>
                        </td>
                        <td
                          class="rcx-box rcx-box--full rcx-table__cell"
                        >
                          <button
                            aria-label="actions"
                            class="rcx-box rcx-box--full rcx-button--small-square rcx-button--square rcx-button--icon rcx-button"
                            data-testid="menu"
                            type="button"
                          >
                            <i
                              aria-hidden="true"
                              class="rcx-box rcx-box--full rcx-icon--name-kebab rcx-icon rcx-css-4pvxx3"
                            >
                              
                            </i>
                          </button>
                        </td>
                      </tr>
                      <tr
                        class="rcx-box rcx-box--full rcx-table__row"
                      >
                        <td
                          class="rcx-box rcx-box--full rcx-table__cell"
                        >
                          instance-id-8
                        </td>
                        <td
                          class="rcx-box rcx-box--full rcx-table__cell"
                        >
                          <div
                            class="rcx-box rcx-box--full rcx-css-16gpzar"
                          >
                            <span
                              class="rcx-box rcx-box--full rcx-tag rcx-tag--medium rcx-css-1tgo2qs"
                            >
                              <span
                                class="rcx-tag__inner"
                              >
                                Disabled: Uncaught Error
                              </span>
                            </span>
                          </div>
                        </td>
                        <td
                          class="rcx-box rcx-box--full rcx-table__cell"
                        >
                          <button
                            aria-label="actions"
                            class="rcx-box rcx-box--full rcx-button--small-square rcx-button--square rcx-button--icon rcx-button"
                            data-testid="menu"
                            type="button"
                          >
                            <i
                              aria-hidden="true"
                              class="rcx-box rcx-box--full rcx-icon--name-kebab rcx-icon rcx-css-4pvxx3"
                            >
                              
                            </i>
                          </button>
                        </td>
                      </tr>
                      <tr
                        class="rcx-box rcx-box--full rcx-table__row"
                      >
                        <td
                          class="rcx-box rcx-box--full rcx-table__cell"
                        >
                          instance-id-9
                        </td>
                        <td
                          class="rcx-box rcx-box--full rcx-table__cell"
                        >
                          <div
                            class="rcx-box rcx-box--full rcx-css-16gpzar"
                          >
                            <span
                              class="rcx-box rcx-box--full rcx-tag rcx-tag--medium rcx-css-1tgo2qs"
                            >
                              <span
                                class="rcx-tag__inner"
                              >
                                Disabled: Manually
                              </span>
                            </span>
                          </div>
                        </td>
                        <td
                          class="rcx-box rcx-box--full rcx-table__cell"
                        >
                          <button
                            aria-label="actions"
                            class="rcx-box rcx-box--full rcx-button--small-square rcx-button--square rcx-button--icon rcx-button"
                            data-testid="menu"
                            type="button"
                          >
                            <i
                              aria-hidden="true"
                              class="rcx-box rcx-box--full rcx-icon--name-kebab rcx-icon rcx-css-4pvxx3"
                            >
                              
                            </i>
                          </button>
                        </td>
                      </tr>
                      <tr
                        class="rcx-box rcx-box--full rcx-table__row"
                      >
                        <td
                          class="rcx-box rcx-box--full rcx-table__cell"
                        >
                          instance-id-10
                        </td>
                        <td
                          class="rcx-box rcx-box--full rcx-table__cell"
                        >
                          <div
                            class="rcx-box rcx-box--full rcx-css-16gpzar"
                          >
                            <span
                              class="rcx-box rcx-box--full rcx-tag rcx-tag--medium rcx-css-1tgo2qs"
                            >
                              <span
                                class="rcx-tag__inner"
                              >
                                Disabled: Configuration Needed
                              </span>
                            </span>
                          </div>
                        </td>
                        <td
                          class="rcx-box rcx-box--full rcx-table__cell"
                        >
                          <button
                            aria-label="actions"
                            class="rcx-box rcx-box--full rcx-button--small-square rcx-button--square rcx-button--icon rcx-button"
                            data-testid="menu"
                            type="button"
                          >
                            <i
                              aria-hidden="true"
                              class="rcx-box rcx-box--full rcx-icon--name-kebab rcx-icon rcx-css-4pvxx3"
                            >
                              
                            </i>
                          </button>
                        </td>
                      </tr>
                      <tr
                        class="rcx-box rcx-box--full rcx-table__row"
                      >
                        <td
                          class="rcx-box rcx-box--full rcx-table__cell"
                        >
                          instance-id-11
                        </td>
                        <td
                          class="rcx-box rcx-box--full rcx-table__cell"
                        >
                          <div
                            class="rcx-box rcx-box--full rcx-css-16gpzar"
                          >
                            <span
                              class="rcx-box rcx-box--full rcx-tag rcx-tag--medium rcx-css-1tgo2qs"
                            >
                              <span
                                class="rcx-tag__inner"
                              >
                                Disabled
                              </span>
                            </span>
                          </div>
                        </td>
                        <td
                          class="rcx-box rcx-box--full rcx-table__cell"
                        >
                          <button
                            aria-label="actions"
                            class="rcx-box rcx-box--full rcx-button--small-square rcx-button--square rcx-button--icon rcx-button"
                            data-testid="menu"
                            type="button"
                          >
                            <i
                              aria-hidden="true"
                              class="rcx-box rcx-box--full rcx-icon--name-kebab rcx-icon rcx-css-4pvxx3"
                            >
                              
                            </i>
                          </button>
                        </td>
                      </tr>
                    </tbody>
                  </table>
                </div>
              </div>
              <div
                class="os-scrollbar os-scrollbar-horizontal os-theme-dark os-scrollbar-auto-hide os-scrollbar-auto-hide-hidden os-scrollbar-handle-interactive os-scrollbar-cornerless os-scrollbar-unusable"
                style="--os-scroll-percent: 0; --os-viewport-percent: 0; --os-scroll-direction: 0;"
              >
                <div
                  class="os-scrollbar-track"
                >
                  <div
                    class="os-scrollbar-handle"
                  />
                </div>
              </div>
              <div
                class="os-scrollbar os-scrollbar-vertical os-theme-dark os-scrollbar-auto-hide os-scrollbar-auto-hide-hidden os-scrollbar-handle-interactive os-scrollbar-cornerless os-scrollbar-unusable"
                style="--os-scroll-percent: 0; --os-viewport-percent: 0; --os-scroll-direction: 0;"
              >
                <div
                  class="os-scrollbar-track"
                >
                  <div
                    class="os-scrollbar-handle"
                  />
                </div>
              </div>
            </div>
          </div>
        </div>
        <div
          class="os-scrollbar os-scrollbar-horizontal os-theme-dark os-scrollbar-auto-hide os-scrollbar-auto-hide-hidden os-scrollbar-handle-interactive os-scrollbar-cornerless os-scrollbar-unusable"
          style="--os-scroll-percent: 0; --os-viewport-percent: 0; --os-scroll-direction: 0;"
        >
          <div
            class="os-scrollbar-track"
          >
            <div
              class="os-scrollbar-handle"
            />
          </div>
        </div>
        <div
          class="os-scrollbar os-scrollbar-vertical os-theme-dark os-scrollbar-auto-hide os-scrollbar-auto-hide-hidden os-scrollbar-handle-interactive os-scrollbar-cornerless os-scrollbar-unusable"
          style="--os-scroll-percent: 0; --os-viewport-percent: 0; --os-scroll-direction: 0;"
        >
          <div
            class="os-scrollbar-track"
          >
            <div
              class="os-scrollbar-handle"
            />
          </div>
        </div>
      </div>
    </div>
  </div>
</body>
`;
