// Jest Snapshot v1, https://jestjs.io/docs/snapshot-testing

exports[`RoomInviteHeader renders Default without crashing 1`] = `
<body>
  <div>
    <header
      class="rcx-box rcx-box--full rcx-room-header rcx-css-7tefqp"
    >
      <div
        class="rcx-box rcx-box--full rcx-css-1apkof4"
      >
        <div>
          ParentRoom
        </div>
        <div
          class="rcx-box rcx-box--full rcx-css-1axz7ym"
        >
          <div
            class="rcx-box rcx-box--full rcx-css-1yimpo4"
          >
            <div
              class="rcx-box rcx-box--full rcx-css-i0csg7 rcx-css-f2vsf1"
              role="button"
              tabindex="0"
            >
              <div
                class="rcx-box rcx-box--full rcx-css-v5o1rw"
              >
                <i
                  aria-hidden="true"
                  class="rcx-box rcx-box--full rcx-icon--name-globe rcx-icon rcx-css-1t9h2ff"
                >
                  
                </i>
              </div>
              <h1
                class="rcx-box rcx-box--full rcx-css-1w5kdwh"
              >
                rocket.cat
              </h1>
            </div>
          </div>
        </div>
      </div>
      <hr
        class="rcx-box rcx-box--full rcx-divider rcx-css-emj6cu"
      />
    </header>
  </div>
</body>
`;
