// Jest Snapshot v1, https://jestjs.io/docs/snapshot-testing

exports[`RoomInviteHeader renders Default without crashing 1`] = `
<body>
  <div>
    <header
      class="rcx-box rcx-box--full rcx-room-header rcx-css-1u5v9e9"
    >
      <div
        class="rcx-box rcx-box--full rcx-css-1gfq70m"
      >
        <div>
          ParentRoom
        </div>
        <div
          class="rcx-box rcx-box--full rcx-css-1axz7ym"
        >
          <div
            class="rcx-box rcx-box--full rcx-css-1c6vtok"
          >
            <div
              aria-label="rocket.cat"
              class="rcx-box rcx-box--full rcx-css-1xfh5sj rcx-css-f2vsf1"
              role="button"
              tabindex="0"
            >
              <div
                class="rcx-box rcx-box--full rcx-css-1vxtvqh"
              >
                <i
                  aria-hidden="true"
                  class="rcx-box rcx-box--full rcx-icon--name-globe rcx-icon rcx-css-1wz6xj9"
                >
                  
                </i>
              </div>
              <h1
                class="rcx-box rcx-box--full rcx-css-uuz7h"
              >
                rocket.cat
              </h1>
            </div>
            <button
              class="rcx-box rcx-box--full rcx-button--tiny-square rcx-button--square rcx-button--icon rcx-button rcx-css-sdt442"
              title="Favorite rocket.cat"
              type="button"
            >
              <i
                aria-hidden="true"
                class="rcx-box rcx-box--full rcx-icon--name-star rcx-icon rcx-css-1g87xs3"
              >
                
              </i>
            </button>
          </div>
        </div>
      </div>
      <hr
        class="rcx-box rcx-box--full rcx-divider rcx-css-emj6cu"
      />
    </header>
  </div>
</body>
`;
